---
source: src/lib.rs
expression: "layout.iter::<8>().collect::<TestBuffer>()"
---
1
